<?xml version="1.0" encoding="UTF-8" ?>
<mapping root="1">
    <node id="1" type="com.dododo.ariadne.drawio.model.EntryBlock" />
    <node id="2" type="com.dododo.ariadne.drawio.model.ReplyBlock" line="reply1" />
    <node id="3" type="com.dododo.ariadne.drawio.model.MenuBlock" />
    <node id="4" type="com.dododo.ariadne.drawio.model.OptionBlock" value="option1" />
    <node id="5" type="com.dododo.ariadne.drawio.model.TextBlock" value="text1" />
    <node id="6" type="com.dododo.ariadne.drawio.model.ConditionalOptionBlock" value="option2" condition="condition" />
    <node id="7" type="com.dododo.ariadne.drawio.model.TextBlock" value="text2" />
    <node id="8" type="com.dododo.ariadne.drawio.model.SwitchBlock" condition="switch" />
    <node id="9" type="com.dododo.ariadne.drawio.model.TextBlock" value="text3" />
    <node id="10" type="com.dododo.ariadne.drawio.model.TextBlock" value="text4" />
    <node id="11" type="com.dododo.ariadne.drawio.model.EndBlock" />

    <edge from="1" to="2" />
    <edge from="2" to="3" />
    <edge from="3" to="4" />
    <edge from="3" to="6" />
    <edge from="4" to="5" />
    <edge from="5" to="8" />
    <edge from="6" to="7" />
    <edge from="7" to="8" />
    <edge from="8" to="9" switchBranch="true" />
    <edge from="8" to="10" switchBranch="false" />
    <edge from="9" to="11" />
    <edge from="10" to="11" />
</mapping>
