<?xml version="1.0" encoding="UTF-8" ?>
<mapping root="1">
    <node id="1" type="com.dododo.ariadne.extended.model.RootComplexState" />
    <node id="2" type="com.dododo.ariadne.core.model.Text" value="i = 0" />
    <node id="3" type="com.dododo.ariadne.core.model.Text" value="j = 0" />
    <node id="4" type="com.dododo.ariadne.core.model.Text" value="j = 1" />
    <node id="5" type="com.dododo.ariadne.core.model.Text" value="j = 2" />
    <node id="6" type="com.dododo.ariadne.core.model.Text" value="j = 3" />
    <node id="7" type="com.dododo.ariadne.core.model.Text" value="j = 4" />
    <node id="8" type="com.dododo.ariadne.core.model.Text" value="i += 1" />
    <node id="9" type="com.dododo.ariadne.renpy.model.LabelledGroupComplexState" value="test" />
    <node id="10" type="com.dododo.ariadne.extended.model.ComplexMenu" />
    <node id="11" type="com.dododo.ariadne.extended.model.ComplexOption" value="j = 0" />
    <node id="12" type="com.dododo.ariadne.extended.model.ComplexSwitchBranch" />
    <node id="13" type="com.dododo.ariadne.extended.model.ComplexSwitchBranch" />
    
    <edge from="1" to="2" />
    <edge from="1" to="3" />
    <edge from="1" to="4" />
    <edge from="1" to="5" />
    <edge from="1" to="6" />
    <edge from="1" to="7" />
    <edge from="1" to="8" />
    <edge from="1" to="9" />
    <edge from="1" to="10" />
    <edge from="1" to="12" />
    <edge from="1" to="13" />
    <edge from="10" to="11" />
</mapping>
