<?xml version="1.0" encoding="UTF-8" ?>
<mapping root="1">
    <node id="1" type="com.dododo.ariadne.core.model.EntryState" />
    <node id="2" type="com.dododo.ariadne.core.model.Menu" />
    <node id="3" type="com.dododo.ariadne.core.model.Option" value="option1" />
    <node id="4" type="com.dododo.ariadne.core.model.Text" value="text1" />
    <node id="5" type="com.dododo.ariadne.core.model.Menu" />
    <node id="6" type="com.dododo.ariadne.core.model.Option" value="option" />
    <node id="7" type="com.dododo.ariadne.core.model.Text" value="text2" />
    <node id="8" type="com.dododo.ariadne.core.model.Switch" condition="test" />
    <node id="9" type="com.dododo.ariadne.core.model.Text" value="text3" />
    <node id="10" type="com.dododo.ariadne.core.model.Option" value="option" />
    <node id="11" type="com.dododo.ariadne.core.model.Option" value="option2" />

    <edge from="1" to="2" />
    <edge from="2" to="3" />
    <edge from="2" to="11" />
    <edge from="3" to="4" />
    <edge from="4" to="5" />
    <edge from="5" to="6" />
    <edge from="5" to="10" />
    <edge from="7" to="8" />
    <edge from="6" to="7" />
    <edge from="8" to="9" switchBranch="true" />
    <edge from="8" to="9" switchBranch="false" />
    <edge from="10" to="8" />
    <edge from="11" to="4" />
</mapping>
