<?xml version="1.0" encoding="UTF-8" ?>
<mapping root="1">
    <node id="1" type="com.dododo.ariadne.core.model.Menu" />
    <node id="2" type="com.dododo.ariadne.core.model.Option" value="option1" />
    <node id="3" type="com.dododo.ariadne.core.model.Switch" condition="switch1" />
    <node id="4" type="com.dododo.ariadne.core.model.Switch" condition="switch2" />
    <node id="5" type="com.dododo.ariadne.core.model.EndPoint" />
    <node id="6" type="com.dododo.ariadne.core.model.Option" value="option2" />

    <edge from="1" to="2" />
    <edge from="1" to="6" />
    <edge from="2" to="3" />
    <edge from="3" to="4" switchBranch="true" />
    <edge from="3" to="4" switchBranch="false" />
    <edge from="4" to="5" switchBranch="true" />
    <edge from="4" to="5" switchBranch="false" />
    <edge from="6" to="3" />
</mapping>
