<?xml version="1.0" encoding="UTF-8" ?>
<mapping root="1">
    <node id="1" type="com.dododo.ariadne.extended.model.RootComplexState" />
    <node id="2" type="com.dododo.ariadne.renpy.model.LabelledGroupComplexState" value="x" />
    <node id="3" type="com.dododo.ariadne.extended.model.PassState" />
    <node id="4" type="com.dododo.ariadne.extended.model.ComplexSwitchBranch" condition="expression1" />
    <node id="5" type="com.dododo.ariadne.extended.model.PassState" />
    <node id="6" type="com.dododo.ariadne.core.model.Text" value="value = 1" />
    <node id="7" type="com.dododo.ariadne.extended.model.ComplexSwitchBranch" condition="expression2" />
    <node id="8" type="com.dododo.ariadne.extended.model.PassState" />
    <node id="9" type="com.dododo.ariadne.core.model.Text" value="value = 2" />
    <node id="10" type="com.dododo.ariadne.extended.model.ComplexSwitchBranch" />
    <node id="11" type="com.dododo.ariadne.extended.model.PassState" />
    <node id="12" type="com.dododo.ariadne.core.model.Text" value="value = 3" />
    <node id="13" type="com.dododo.ariadne.renpy.model.SkipComplexState" />
    <node id="14" type="com.dododo.ariadne.core.model.Text" value="value = 4" />

    <edge from="1" to="2" />
    <edge from="2" to="3" />
    <edge from="2" to="4" />
    <edge from="2" to="7" />
    <edge from="2" to="10" />
    <edge from="2" to="13" />
    <edge from="4" to="5" />
    <edge from="4" to="6" />
    <edge from="7" to="8" />
    <edge from="7" to="9" />
    <edge from="10" to="11" />
    <edge from="10" to="12" />
    <edge from="13" to="14" />
</mapping>
