<?xml version="1.0" encoding="UTF-8" ?>
<mapping root="1">
    <node id="1" type="com.dododo.ariadne.core.model.EntryState" />
    <node id="2" type="com.dododo.ariadne.core.model.Menu" />
    <node id="3" type="com.dododo.ariadne.core.model.Option" value="option1" />
    <node id="4" type="com.dododo.ariadne.extended.model.PassState" />
    <node id="5" type="com.dododo.ariadne.extended.model.PassState" />
    <node id="6" type="com.dododo.ariadne.core.model.Option" value="option2" />
    <node id="7" type="com.dododo.ariadne.extended.model.PassState" />

    <edge from="1" to="2" />
    <edge from="2" to="3" />
    <edge from="2" to="6" />
    <edge from="3" to="4" />
    <edge from="4" to="5" />
    <edge from="6" to="7" />
</mapping>
