<?xml version="1.0" encoding="UTF-8" ?>
<mapping root="1">

    <node id="1" type="com.dododo.ariadne.extended.model.PassState" />
    <node id="2" type="com.dododo.ariadne.extended.model.PassState" />

    <edge from="1" to="2" />

</mapping>